<?xml version="1.0" encoding="UTF-8"?>
<TestRun id="e7395f5f-4363-46a5-9ee1-0bd71a9d1ac4" name="nishida.masashi@NISHIDAMASASHI 2015-03-25 22:09:03" runUser="nishidamasashi\nishida.masashi" xmlns="http://microsoft.com/schemas/VisualStudio/TeamTest/2010">
  <TestSettings name="既定のテストの設定" id="4324aa0c-d7d0-47cc-9add-14ed29cf1223">
    <Deployment runDeploymentRoot="nishida.masashi_NISHIDAMASASHI 2015-03-25 22_09_03">
      <DeploymentItem filename="C:\Users\nishida.masashi\Desktop\VS2010_MSTest_Data_Driven-master\ClassLibrary1\ClassLibrary1\bin\Debug\ClassLibrary1.dll" />
    </Deployment>
    <Execution>
      <TestTypeSpecific />
      <AgentRule name="Execution Agents">
      </AgentRule>
    </Execution>
  </TestSettings>
  <Times creation="2015-03-25T22:09:03.3330346+09:00" queuing="2015-03-25T22:09:04.2310860+09:00" start="2015-03-25T22:09:04.2760885+09:00" finish="2015-03-25T22:09:05.6191654+09:00" />
  <ResultSummary outcome="Failed">
    <Counters total="22" executed="22" passed="14" error="0" failed="8" timeout="0" aborted="0" inconclusive="0" passedButRunAborted="0" notRunnable="0" notExecuted="0" disconnected="0" warning="0" completed="0" inProgress="0" pending="0" />
    <RunInfos>
      <RunInfo computerName="NISHIDAMASASHI" outcome="Warning" timestamp="2015-03-25T22:09:03.4270400+09:00">
        <Text>警告: テストの実行の配置問題です: 配置項目 'TestProject1\CSVData.csv' テスト 'TestProject1.Class1Test.NG_XML_DoubleValueTest' によって指定されています のファイルを取得できませんでした: System.IO.FileNotFoundException: ファイル 'C:\Users\nishida.masashi\Desktop\VS2010_MSTest_Data_Driven-master\ClassLibrary1\TestProject1\CSVData.csv' が見つかりませんでした。</Text>
        <Exception>System.IO.FileNotFoundException: ファイル 'C:\Users\nishida.masashi\Desktop\VS2010_MSTest_Data_Driven-master\ClassLibrary1\TestProject1\CSVData.csv' が見つかりませんでした。
ファイル名 'C:\Users\nishida.masashi\Desktop\VS2010_MSTest_Data_Driven-master\ClassLibrary1\TestProject1\CSVData.csv' です。'C:\Users\nishida.masashi\Desktop\VS2010_MSTest_Data_Driven-master\ClassLibrary1\TestProject1\CSVData.csv'
   場所 System.IO.__Error.WinIOError(Int32 errorCode, String maybeFullPath)
   場所 System.IO.File.GetAttributes(String path)
   場所 Microsoft.VisualStudio.TestTools.Common.SingleFileProvider.GetFilePaths()
   場所 Microsoft.VisualStudio.TestTools.TestManagement.DeploymentCoverageItem.GetFiles(TestRunConfiguration runConfig)
   場所 Microsoft.VisualStudio.TestTools.TestManagement.DeploymentManager.DoDeployment(TestRun run, FileCopyService fileCopyService)</Exception>
      </RunInfo>
    </RunInfos>
  </ResultSummary>
  <TestDefinitions>
    <UnitTest name="NG_XML_DoubleValueTest" storage="c:\users\nishida.masashi\desktop\vs2010_mstest_data_driven-master\classlibrary1\testproject1\bin\debug\testproject1.dll" id="02f7e023-2b2c-5c77-62f4-81abd08f7237">
      <Description>テストが失敗するデータを使用しています</Description>
      <DeploymentItems>
        <DeploymentItem filename="TestProject1\NG_XMLData.xml" />
        <DeploymentItem filename="TestProject1\CSVData.csv" />
        <DeploymentItem filename="TestProject1\NG_CSVData.csv" />
      </DeploymentItems>
      <Execution id="5ffa8b49-dc94-43e8-8346-8b3ad24fe292" />
      <TestMethod codeBase="C:/Users/nishida.masashi/Desktop/VS2010_MSTest_Data_Driven-master/ClassLibrary1/TestProject1/bin/Debug/TestProject1.DLL" adapterTypeName="Microsoft.VisualStudio.TestTools.TestTypes.Unit.UnitTestAdapter, Microsoft.VisualStudio.QualityTools.Tips.UnitTest.Adapter, Version=10.0.0.0, Culture=neutral, PublicKeyToken=b03f5f7f11d50a3a" className="TestProject1.Class1Test, TestProject1, Version=1.0.0.0, Culture=neutral, PublicKeyToken=null" name="NG_XML_DoubleValueTest" />
      <DataSource connectionString="|DataDirectory|\NG_XMLData.xml" providerInvariantName="Microsoft.VisualStudio.TestTools.DataSource.XML" tableName="variable_list" />
    </UnitTest>
    <UnitTest name="NG_CSV_DoubleValueTest" storage="c:\users\nishida.masashi\desktop\vs2010_mstest_data_driven-master\classlibrary1\testproject1\bin\debug\testproject1.dll" id="7e1e0dbb-93bf-2990-e965-563b26e17a4b">
      <Description>テストが失敗するデータを使用しています</Description>
      <DeploymentItems>
        <DeploymentItem filename="TestProject1\CSVData.csv" />
        <DeploymentItem filename="TestProject1\NG_CSVData.csv" />
      </DeploymentItems>
      <Execution id="127f499a-5e3c-4ca5-8962-925f081a9f4c" />
      <TestMethod codeBase="C:/Users/nishida.masashi/Desktop/VS2010_MSTest_Data_Driven-master/ClassLibrary1/TestProject1/bin/Debug/TestProject1.DLL" adapterTypeName="Microsoft.VisualStudio.TestTools.TestTypes.Unit.UnitTestAdapter, Microsoft.VisualStudio.QualityTools.Tips.UnitTest.Adapter, Version=10.0.0.0, Culture=neutral, PublicKeyToken=b03f5f7f11d50a3a" className="TestProject1.Class1Test, TestProject1, Version=1.0.0.0, Culture=neutral, PublicKeyToken=null" name="NG_CSV_DoubleValueTest" />
      <DataSource connectionString="|DataDirectory|\NG_CSVData.csv" providerInvariantName="Microsoft.VisualStudio.TestTools.DataSource.CSV" tableName="NG_CSVData#csv" />
    </UnitTest>
    <UnitTest name="OK_CSV_DoubleValueTest" storage="c:\users\nishida.masashi\desktop\vs2010_mstest_data_driven-master\classlibrary1\testproject1\bin\debug\testproject1.dll" id="cd777327-69c1-a472-b173-49b58ce8b448">
      <Description>テストが成功するデータ</Description>
      <DeploymentItems>
        <DeploymentItem filename="TestProject1\OK_CSVData.csv" />
        <DeploymentItem filename="TestProject1\CSVData.csv" />
      </DeploymentItems>
      <Execution id="78487640-6470-488a-9d56-e18b91d25603" />
      <TestMethod codeBase="C:/Users/nishida.masashi/Desktop/VS2010_MSTest_Data_Driven-master/ClassLibrary1/TestProject1/bin/Debug/TestProject1.DLL" adapterTypeName="Microsoft.VisualStudio.TestTools.TestTypes.Unit.UnitTestAdapter, Microsoft.VisualStudio.QualityTools.Tips.UnitTest.Adapter, Version=10.0.0.0, Culture=neutral, PublicKeyToken=b03f5f7f11d50a3a" className="TestProject1.Class1Test, TestProject1, Version=1.0.0.0, Culture=neutral, PublicKeyToken=null" name="OK_CSV_DoubleValueTest" />
      <DataSource connectionString="|DataDirectory|\OK_CSVData.csv" providerInvariantName="Microsoft.VisualStudio.TestTools.DataSource.CSV" tableName="OK_CSVData#csv" />
    </UnitTest>
    <UnitTest name="OK_XML_DoubleValueTest" storage="c:\users\nishida.masashi\desktop\vs2010_mstest_data_driven-master\classlibrary1\testproject1\bin\debug\testproject1.dll" id="c3a1e098-e4dc-2f26-deb5-7953d3151434">
      <Description>テストが成功するデータ</Description>
      <DeploymentItems>
        <DeploymentItem filename="TestProject1\OK_XMLData.xml" />
      </DeploymentItems>
      <Execution id="459ee814-762f-4150-89fa-9b701844d2eb" />
      <TestMethod codeBase="C:/Users/nishida.masashi/Desktop/VS2010_MSTest_Data_Driven-master/ClassLibrary1/TestProject1/bin/Debug/TestProject1.DLL" adapterTypeName="Microsoft.VisualStudio.TestTools.TestTypes.Unit.UnitTestAdapter, Microsoft.VisualStudio.QualityTools.Tips.UnitTest.Adapter, Version=10.0.0.0, Culture=neutral, PublicKeyToken=b03f5f7f11d50a3a" className="TestProject1.Class1Test, TestProject1, Version=1.0.0.0, Culture=neutral, PublicKeyToken=null" name="OK_XML_DoubleValueTest" />
      <DataSource connectionString="|DataDirectory|\OK_XMLData.xml" providerInvariantName="Microsoft.VisualStudio.TestTools.DataSource.XML" tableName="variable_list" />
    </UnitTest>
  </TestDefinitions>
  <TestLists>
    <TestList name="一覧に存在しない結果" id="8c84fa94-04c1-424b-9868-57a2d4851a1d" />
    <TestList name="読み込まれたすべての結果" id="19431567-8539-422a-85d7-44ee4e166bda" />
  </TestLists>
  <TestEntries>
    <TestEntry testId="7e1e0dbb-93bf-2990-e965-563b26e17a4b" executionId="127f499a-5e3c-4ca5-8962-925f081a9f4c" testListId="8c84fa94-04c1-424b-9868-57a2d4851a1d" />
    <TestEntry testId="cd777327-69c1-a472-b173-49b58ce8b448" executionId="78487640-6470-488a-9d56-e18b91d25603" testListId="8c84fa94-04c1-424b-9868-57a2d4851a1d" />
    <TestEntry testId="02f7e023-2b2c-5c77-62f4-81abd08f7237" executionId="5ffa8b49-dc94-43e8-8346-8b3ad24fe292" testListId="8c84fa94-04c1-424b-9868-57a2d4851a1d" />
    <TestEntry testId="c3a1e098-e4dc-2f26-deb5-7953d3151434" executionId="459ee814-762f-4150-89fa-9b701844d2eb" testListId="8c84fa94-04c1-424b-9868-57a2d4851a1d" />
  </TestEntries>
  <Results>
    <UnitTestResult executionId="127f499a-5e3c-4ca5-8962-925f081a9f4c" testId="7e1e0dbb-93bf-2990-e965-563b26e17a4b" testName="NG_CSV_DoubleValueTest" computerName="NISHIDAMASASHI" duration="00:00:00.3806597" startTime="2015-03-25T22:09:04.3060903+09:00" endTime="2015-03-25T22:09:05.1381378+09:00" testType="13cdc9d9-ddb5-4fa4-a97d-d965ccfc6d4b" outcome="Failed" testListId="8c84fa94-04c1-424b-9868-57a2d4851a1d" relativeResultsDirectory="127f499a-5e3c-4ca5-8962-925f081a9f4c" resultType="DataDrivenTest">
      <Counters error="0" failed="3" timeout="0" aborted="0" inconclusive="0" passedButRunAborted="0" notRunnable="0" notExecuted="0" disconnected="0" warning="0" passed="2" completed="0" inProgress="0" pending="0" />
      <InnerResults>
        <UnitTestResult executionId="9cf9d940-16ce-4ca4-a0ee-2634f39d9e3a" parentExecutionId="127f499a-5e3c-4ca5-8962-925f081a9f4c" testId="7e1e0dbb-93bf-2990-e965-563b26e17a4b" testName="NG_CSV_DoubleValueTest" computerName="NISHIDAMASASHI" duration="00:00:00.0190115" startTime="2015-03-25T22:09:04.9441267+09:00" endTime="2015-03-25T22:09:04.9671281+09:00" testType="13cdc9d9-ddb5-4fa4-a97d-d965ccfc6d4b" outcome="Passed" testListId="8c84fa94-04c1-424b-9868-57a2d4851a1d" relativeResultsDirectory="127f499a-5e3c-4ca5-8962-925f081a9f4c" dataRowInfo="0" resultType="DataDrivenDataRow" />
        <UnitTestResult executionId="b453d662-7000-4ec8-a47e-b48e78c84b7e" parentExecutionId="127f499a-5e3c-4ca5-8962-925f081a9f4c" testId="7e1e0dbb-93bf-2990-e965-563b26e17a4b" testName="NG_CSV_DoubleValueTest" computerName="NISHIDAMASASHI" duration="00:00:00.0307395" startTime="2015-03-25T22:09:04.9671281+09:00" endTime="2015-03-25T22:09:04.9981298+09:00" testType="13cdc9d9-ddb5-4fa4-a97d-d965ccfc6d4b" outcome="Passed" testListId="8c84fa94-04c1-424b-9868-57a2d4851a1d" relativeResultsDirectory="127f499a-5e3c-4ca5-8962-925f081a9f4c" dataRowInfo="1" resultType="DataDrivenDataRow" />
        <UnitTestResult executionId="ec75338b-70be-46b3-82c6-c902cc8fce55" parentExecutionId="127f499a-5e3c-4ca5-8962-925f081a9f4c" testId="7e1e0dbb-93bf-2990-e965-563b26e17a4b" testName="NG_CSV_DoubleValueTest" computerName="NISHIDAMASASHI" duration="00:00:00.0590182" startTime="2015-03-25T22:09:04.9981298+09:00" endTime="2015-03-25T22:09:05.0571332+09:00" testType="13cdc9d9-ddb5-4fa4-a97d-d965ccfc6d4b" outcome="Failed" testListId="8c84fa94-04c1-424b-9868-57a2d4851a1d" relativeResultsDirectory="127f499a-5e3c-4ca5-8962-925f081a9f4c" dataRowInfo="2" resultType="DataDrivenDataRow">
          <Output>
            <ErrorInfo>
              <Message>テスト メソッド TestProject1.Class1Test.NG_CSV_DoubleValueTest が例外をスローしました: 
System.OverflowException: 算術演算の結果オーバーフローが発生しました。</Message>
              <StackTrace>    場所 Microsoft.VisualBasic.CompilerServices.Conversions.ToByte(Object Value)
   場所 TestProject1.Class1Test.CSV_DoubleValueTest() 場所 C:\Users\nishida.masashi\Desktop\VS2010_MSTest_Data_Driven-master\ClassLibrary1\TestProject1\Class1Test.vb:行 81
   場所 TestProject1.Class1Test.NG_CSV_DoubleValueTest() 場所 C:\Users\nishida.masashi\Desktop\VS2010_MSTest_Data_Driven-master\ClassLibrary1\TestProject1\Class1Test.vb:行 90
</StackTrace>
            </ErrorInfo>
          </Output>
        </UnitTestResult>
        <UnitTestResult executionId="a8d5e49a-1102-4103-bdc6-5c34eeed7dc6" parentExecutionId="127f499a-5e3c-4ca5-8962-925f081a9f4c" testId="7e1e0dbb-93bf-2990-e965-563b26e17a4b" testName="NG_CSV_DoubleValueTest" computerName="NISHIDAMASASHI" duration="00:00:00.0275383" startTime="2015-03-25T22:09:05.0571332+09:00" endTime="2015-03-25T22:09:05.0841348+09:00" testType="13cdc9d9-ddb5-4fa4-a97d-d965ccfc6d4b" outcome="Failed" testListId="8c84fa94-04c1-424b-9868-57a2d4851a1d" relativeResultsDirectory="127f499a-5e3c-4ca5-8962-925f081a9f4c" dataRowInfo="3" resultType="DataDrivenDataRow">
          <Output>
            <ErrorInfo>
              <Message>テスト メソッド TestProject1.Class1Test.NG_CSV_DoubleValueTest が例外をスローしました: 
System.OverflowException: 算術演算の結果オーバーフローが発生しました。</Message>
              <StackTrace>    場所 ClassLibrary1.Class1.DoubleValue(Byte val) 場所 C:\Users\nishida.masashi\Desktop\VS2010_MSTest_Data_Driven-master\ClassLibrary1\ClassLibrary1\Class1.vb:行 4
   場所 TestProject1.Class1Test.CSV_DoubleValueTest() 場所 C:\Users\nishida.masashi\Desktop\VS2010_MSTest_Data_Driven-master\ClassLibrary1\TestProject1\Class1Test.vb:行 81
   場所 TestProject1.Class1Test.NG_CSV_DoubleValueTest() 場所 C:\Users\nishida.masashi\Desktop\VS2010_MSTest_Data_Driven-master\ClassLibrary1\TestProject1\Class1Test.vb:行 90
</StackTrace>
            </ErrorInfo>
          </Output>
        </UnitTestResult>
        <UnitTestResult executionId="a65a6b0a-87be-46f4-9022-9d35b0f02b63" parentExecutionId="127f499a-5e3c-4ca5-8962-925f081a9f4c" testId="7e1e0dbb-93bf-2990-e965-563b26e17a4b" testName="NG_CSV_DoubleValueTest" computerName="NISHIDAMASASHI" duration="00:00:00.0338215" startTime="2015-03-25T22:09:05.0841348+09:00" endTime="2015-03-25T22:09:05.1181367+09:00" testType="13cdc9d9-ddb5-4fa4-a97d-d965ccfc6d4b" outcome="Failed" testListId="8c84fa94-04c1-424b-9868-57a2d4851a1d" relativeResultsDirectory="127f499a-5e3c-4ca5-8962-925f081a9f4c" dataRowInfo="4" resultType="DataDrivenDataRow">
          <Output>
            <ErrorInfo>
              <Message>Assert.Fail に失敗しました。</Message>
              <StackTrace>   場所 TestProject1.Class1Test.CSV_DoubleValueTest() 場所 C:\Users\nishida.masashi\Desktop\VS2010_MSTest_Data_Driven-master\ClassLibrary1\TestProject1\Class1Test.vb:行 78
   場所 TestProject1.Class1Test.NG_CSV_DoubleValueTest() 場所 C:\Users\nishida.masashi\Desktop\VS2010_MSTest_Data_Driven-master\ClassLibrary1\TestProject1\Class1Test.vb:行 90
</StackTrace>
            </ErrorInfo>
          </Output>
        </UnitTestResult>
      </InnerResults>
    </UnitTestResult>
    <UnitTestResult executionId="78487640-6470-488a-9d56-e18b91d25603" testId="cd777327-69c1-a472-b173-49b58ce8b448" testName="OK_CSV_DoubleValueTest" computerName="NISHIDAMASASHI" duration="00:00:00.1295747" startTime="2015-03-25T22:09:05.1481384+09:00" endTime="2015-03-25T22:09:05.2921467+09:00" testType="13cdc9d9-ddb5-4fa4-a97d-d965ccfc6d4b" outcome="Passed" testListId="8c84fa94-04c1-424b-9868-57a2d4851a1d" relativeResultsDirectory="78487640-6470-488a-9d56-e18b91d25603" resultType="DataDrivenTest">
      <Counters error="0" failed="0" timeout="0" aborted="0" inconclusive="0" passedButRunAborted="0" notRunnable="0" notExecuted="0" disconnected="0" warning="0" passed="4" completed="0" inProgress="0" pending="0" />
      <InnerResults>
        <UnitTestResult executionId="52720a35-dd87-437f-b32b-e4b0bbc34e3b" parentExecutionId="78487640-6470-488a-9d56-e18b91d25603" testId="cd777327-69c1-a472-b173-49b58ce8b448" testName="OK_CSV_DoubleValueTest" computerName="NISHIDAMASASHI" duration="00:00:00.0001802" startTime="2015-03-25T22:09:05.2681453+09:00" endTime="2015-03-25T22:09:05.2681453+09:00" testType="13cdc9d9-ddb5-4fa4-a97d-d965ccfc6d4b" outcome="Passed" testListId="8c84fa94-04c1-424b-9868-57a2d4851a1d" relativeResultsDirectory="78487640-6470-488a-9d56-e18b91d25603" dataRowInfo="0" resultType="DataDrivenDataRow" />
        <UnitTestResult executionId="8a9f6d59-d010-44bc-9813-2d429e937ef9" parentExecutionId="78487640-6470-488a-9d56-e18b91d25603" testId="cd777327-69c1-a472-b173-49b58ce8b448" testName="OK_CSV_DoubleValueTest" computerName="NISHIDAMASASHI" duration="00:00:00.0103036" startTime="2015-03-25T22:09:05.2681453+09:00" endTime="2015-03-25T22:09:05.2781459+09:00" testType="13cdc9d9-ddb5-4fa4-a97d-d965ccfc6d4b" outcome="Passed" testListId="8c84fa94-04c1-424b-9868-57a2d4851a1d" relativeResultsDirectory="78487640-6470-488a-9d56-e18b91d25603" dataRowInfo="1" resultType="DataDrivenDataRow" />
        <UnitTestResult executionId="ab7326f9-350d-4ce4-bda0-ffac7282fe7d" parentExecutionId="78487640-6470-488a-9d56-e18b91d25603" testId="cd777327-69c1-a472-b173-49b58ce8b448" testName="OK_CSV_DoubleValueTest" computerName="NISHIDAMASASHI" duration="00:00:00.0000263" startTime="2015-03-25T22:09:05.2781459+09:00" endTime="2015-03-25T22:09:05.2781459+09:00" testType="13cdc9d9-ddb5-4fa4-a97d-d965ccfc6d4b" outcome="Passed" testListId="8c84fa94-04c1-424b-9868-57a2d4851a1d" relativeResultsDirectory="78487640-6470-488a-9d56-e18b91d25603" dataRowInfo="2" resultType="DataDrivenDataRow" />
        <UnitTestResult executionId="512bdcc8-6ab5-420b-9136-9e2c9aef9e13" parentExecutionId="78487640-6470-488a-9d56-e18b91d25603" testId="cd777327-69c1-a472-b173-49b58ce8b448" testName="OK_CSV_DoubleValueTest" computerName="NISHIDAMASASHI" duration="00:00:00.0085839" startTime="2015-03-25T22:09:05.2781459+09:00" endTime="2015-03-25T22:09:05.2871464+09:00" testType="13cdc9d9-ddb5-4fa4-a97d-d965ccfc6d4b" outcome="Passed" testListId="8c84fa94-04c1-424b-9868-57a2d4851a1d" relativeResultsDirectory="78487640-6470-488a-9d56-e18b91d25603" dataRowInfo="3" resultType="DataDrivenDataRow" />
      </InnerResults>
    </UnitTestResult>
    <UnitTestResult executionId="5ffa8b49-dc94-43e8-8346-8b3ad24fe292" testId="02f7e023-2b2c-5c77-62f4-81abd08f7237" testName="NG_XML_DoubleValueTest" computerName="NISHIDAMASASHI" duration="00:00:00.1887866" startTime="2015-03-25T22:09:05.2991471+09:00" endTime="2015-03-25T22:09:05.4971584+09:00" testType="13cdc9d9-ddb5-4fa4-a97d-d965ccfc6d4b" outcome="Failed" testListId="8c84fa94-04c1-424b-9868-57a2d4851a1d" relativeResultsDirectory="5ffa8b49-dc94-43e8-8346-8b3ad24fe292" resultType="DataDrivenTest">
      <Counters error="0" failed="3" timeout="0" aborted="0" inconclusive="0" passedButRunAborted="0" notRunnable="0" notExecuted="0" disconnected="0" warning="0" passed="2" completed="0" inProgress="0" pending="0" />
      <InnerResults>
        <UnitTestResult executionId="56b89854-aa25-4456-ac43-f2c81a8d3831" parentExecutionId="5ffa8b49-dc94-43e8-8346-8b3ad24fe292" testId="02f7e023-2b2c-5c77-62f4-81abd08f7237" testName="NG_XML_DoubleValueTest" computerName="NISHIDAMASASHI" duration="00:00:00.0007862" startTime="2015-03-25T22:09:05.4211540+09:00" endTime="2015-03-25T22:09:05.4221541+09:00" testType="13cdc9d9-ddb5-4fa4-a97d-d965ccfc6d4b" outcome="Passed" testListId="8c84fa94-04c1-424b-9868-57a2d4851a1d" relativeResultsDirectory="5ffa8b49-dc94-43e8-8346-8b3ad24fe292" dataRowInfo="0" resultType="DataDrivenDataRow" />
        <UnitTestResult executionId="f6573b4e-55e0-4bd2-898c-057665ca8f01" parentExecutionId="5ffa8b49-dc94-43e8-8346-8b3ad24fe292" testId="02f7e023-2b2c-5c77-62f4-81abd08f7237" testName="NG_XML_DoubleValueTest" computerName="NISHIDAMASASHI" duration="00:00:00.0092710" startTime="2015-03-25T22:09:05.4221541+09:00" endTime="2015-03-25T22:09:05.4311546+09:00" testType="13cdc9d9-ddb5-4fa4-a97d-d965ccfc6d4b" outcome="Passed" testListId="8c84fa94-04c1-424b-9868-57a2d4851a1d" relativeResultsDirectory="5ffa8b49-dc94-43e8-8346-8b3ad24fe292" dataRowInfo="1" resultType="DataDrivenDataRow" />
        <UnitTestResult executionId="57b7e88c-18b0-4382-bc97-65238a2516f2" parentExecutionId="5ffa8b49-dc94-43e8-8346-8b3ad24fe292" testId="02f7e023-2b2c-5c77-62f4-81abd08f7237" testName="NG_XML_DoubleValueTest" computerName="NISHIDAMASASHI" duration="00:00:00.0204127" startTime="2015-03-25T22:09:05.4311546+09:00" endTime="2015-03-25T22:09:05.4521558+09:00" testType="13cdc9d9-ddb5-4fa4-a97d-d965ccfc6d4b" outcome="Failed" testListId="8c84fa94-04c1-424b-9868-57a2d4851a1d" relativeResultsDirectory="5ffa8b49-dc94-43e8-8346-8b3ad24fe292" dataRowInfo="2" resultType="DataDrivenDataRow">
          <Output>
            <ErrorInfo>
              <Message>テスト メソッド TestProject1.Class1Test.NG_XML_DoubleValueTest が例外をスローしました: 
System.OverflowException: 算術演算の結果オーバーフローが発生しました。</Message>
              <StackTrace>    場所 Microsoft.VisualBasic.CompilerServices.Conversions.ToByte(String Value)
   場所 Microsoft.VisualBasic.CompilerServices.Conversions.ToByte(Object Value)
   場所 TestProject1.Class1Test.XML_DoubleValueTest() 場所 C:\Users\nishida.masashi\Desktop\VS2010_MSTest_Data_Driven-master\ClassLibrary1\TestProject1\Class1Test.vb:行 128
   場所 TestProject1.Class1Test.NG_XML_DoubleValueTest() 場所 C:\Users\nishida.masashi\Desktop\VS2010_MSTest_Data_Driven-master\ClassLibrary1\TestProject1\Class1Test.vb:行 137
</StackTrace>
            </ErrorInfo>
          </Output>
        </UnitTestResult>
        <UnitTestResult executionId="10ae3ded-00a1-40e3-be3a-79dc96dca63e" parentExecutionId="5ffa8b49-dc94-43e8-8346-8b3ad24fe292" testId="02f7e023-2b2c-5c77-62f4-81abd08f7237" testName="NG_XML_DoubleValueTest" computerName="NISHIDAMASASHI" duration="00:00:00.0193707" startTime="2015-03-25T22:09:05.4521558+09:00" endTime="2015-03-25T22:09:05.4711569+09:00" testType="13cdc9d9-ddb5-4fa4-a97d-d965ccfc6d4b" outcome="Failed" testListId="8c84fa94-04c1-424b-9868-57a2d4851a1d" relativeResultsDirectory="5ffa8b49-dc94-43e8-8346-8b3ad24fe292" dataRowInfo="3" resultType="DataDrivenDataRow">
          <Output>
            <ErrorInfo>
              <Message>テスト メソッド TestProject1.Class1Test.NG_XML_DoubleValueTest が例外をスローしました: 
System.OverflowException: 算術演算の結果オーバーフローが発生しました。</Message>
              <StackTrace>    場所 ClassLibrary1.Class1.DoubleValue(Byte val) 場所 C:\Users\nishida.masashi\Desktop\VS2010_MSTest_Data_Driven-master\ClassLibrary1\ClassLibrary1\Class1.vb:行 4
   場所 TestProject1.Class1Test.XML_DoubleValueTest() 場所 C:\Users\nishida.masashi\Desktop\VS2010_MSTest_Data_Driven-master\ClassLibrary1\TestProject1\Class1Test.vb:行 128
   場所 TestProject1.Class1Test.NG_XML_DoubleValueTest() 場所 C:\Users\nishida.masashi\Desktop\VS2010_MSTest_Data_Driven-master\ClassLibrary1\TestProject1\Class1Test.vb:行 137
</StackTrace>
            </ErrorInfo>
          </Output>
        </UnitTestResult>
        <UnitTestResult executionId="9a7bb5d1-8285-4041-a6d1-9898b94a5c0b" parentExecutionId="5ffa8b49-dc94-43e8-8346-8b3ad24fe292" testId="02f7e023-2b2c-5c77-62f4-81abd08f7237" testName="NG_XML_DoubleValueTest" computerName="NISHIDAMASASHI" duration="00:00:00.0211262" startTime="2015-03-25T22:09:05.4711569+09:00" endTime="2015-03-25T22:09:05.4921581+09:00" testType="13cdc9d9-ddb5-4fa4-a97d-d965ccfc6d4b" outcome="Failed" testListId="8c84fa94-04c1-424b-9868-57a2d4851a1d" relativeResultsDirectory="5ffa8b49-dc94-43e8-8346-8b3ad24fe292" dataRowInfo="4" resultType="DataDrivenDataRow">
          <Output>
            <ErrorInfo>
              <Message>Assert.Fail に失敗しました。</Message>
              <StackTrace>   場所 TestProject1.Class1Test.XML_DoubleValueTest() 場所 C:\Users\nishida.masashi\Desktop\VS2010_MSTest_Data_Driven-master\ClassLibrary1\TestProject1\Class1Test.vb:行 125
   場所 TestProject1.Class1Test.NG_XML_DoubleValueTest() 場所 C:\Users\nishida.masashi\Desktop\VS2010_MSTest_Data_Driven-master\ClassLibrary1\TestProject1\Class1Test.vb:行 137
</StackTrace>
            </ErrorInfo>
          </Output>
        </UnitTestResult>
      </InnerResults>
    </UnitTestResult>
    <UnitTestResult executionId="459ee814-762f-4150-89fa-9b701844d2eb" testId="c3a1e098-e4dc-2f26-deb5-7953d3151434" testName="OK_XML_DoubleValueTest" computerName="NISHIDAMASASHI" duration="00:00:00.0187304" startTime="2015-03-25T22:09:05.5351606+09:00" endTime="2015-03-25T22:09:05.5641622+09:00" testType="13cdc9d9-ddb5-4fa4-a97d-d965ccfc6d4b" outcome="Passed" testListId="8c84fa94-04c1-424b-9868-57a2d4851a1d" relativeResultsDirectory="459ee814-762f-4150-89fa-9b701844d2eb" resultType="DataDrivenTest">
      <Counters error="0" failed="0" timeout="0" aborted="0" inconclusive="0" passedButRunAborted="0" notRunnable="0" notExecuted="0" disconnected="0" warning="0" passed="4" completed="0" inProgress="0" pending="0" />
      <InnerResults>
        <UnitTestResult executionId="d5a935f5-9d39-4daf-9e91-af290022080e" parentExecutionId="459ee814-762f-4150-89fa-9b701844d2eb" testId="c3a1e098-e4dc-2f26-deb5-7953d3151434" testName="OK_XML_DoubleValueTest" computerName="NISHIDAMASASHI" duration="00:00:00.0002360" startTime="2015-03-25T22:09:05.5421610+09:00" endTime="2015-03-25T22:09:05.5421610+09:00" testType="13cdc9d9-ddb5-4fa4-a97d-d965ccfc6d4b" outcome="Passed" testListId="8c84fa94-04c1-424b-9868-57a2d4851a1d" relativeResultsDirectory="459ee814-762f-4150-89fa-9b701844d2eb" dataRowInfo="0" resultType="DataDrivenDataRow" />
        <UnitTestResult executionId="6eae675a-0a90-4f34-8f88-236a5e94401e" parentExecutionId="459ee814-762f-4150-89fa-9b701844d2eb" testId="c3a1e098-e4dc-2f26-deb5-7953d3151434" testName="OK_XML_DoubleValueTest" computerName="NISHIDAMASASHI" duration="00:00:00.0082211" startTime="2015-03-25T22:09:05.5421610+09:00" endTime="2015-03-25T22:09:05.5501614+09:00" testType="13cdc9d9-ddb5-4fa4-a97d-d965ccfc6d4b" outcome="Passed" testListId="8c84fa94-04c1-424b-9868-57a2d4851a1d" relativeResultsDirectory="459ee814-762f-4150-89fa-9b701844d2eb" dataRowInfo="1" resultType="DataDrivenDataRow" />
        <UnitTestResult executionId="8f78f827-32f0-4f84-8558-c1b97d2660c8" parentExecutionId="459ee814-762f-4150-89fa-9b701844d2eb" testId="c3a1e098-e4dc-2f26-deb5-7953d3151434" testName="OK_XML_DoubleValueTest" computerName="NISHIDAMASASHI" duration="00:00:00.0000401" startTime="2015-03-25T22:09:05.5501614+09:00" endTime="2015-03-25T22:09:05.5501614+09:00" testType="13cdc9d9-ddb5-4fa4-a97d-d965ccfc6d4b" outcome="Passed" testListId="8c84fa94-04c1-424b-9868-57a2d4851a1d" relativeResultsDirectory="459ee814-762f-4150-89fa-9b701844d2eb" dataRowInfo="2" resultType="DataDrivenDataRow" />
        <UnitTestResult executionId="625281b4-20a3-4546-b82a-f9135a0c872a" parentExecutionId="459ee814-762f-4150-89fa-9b701844d2eb" testId="c3a1e098-e4dc-2f26-deb5-7953d3151434" testName="OK_XML_DoubleValueTest" computerName="NISHIDAMASASHI" duration="00:00:00.0089988" startTime="2015-03-25T22:09:05.5501614+09:00" endTime="2015-03-25T22:09:05.5591619+09:00" testType="13cdc9d9-ddb5-4fa4-a97d-d965ccfc6d4b" outcome="Passed" testListId="8c84fa94-04c1-424b-9868-57a2d4851a1d" relativeResultsDirectory="459ee814-762f-4150-89fa-9b701844d2eb" dataRowInfo="3" resultType="DataDrivenDataRow" />
      </InnerResults>
    </UnitTestResult>
  </Results>
</TestRun>